Command line invocation:
    /Applications/Xcode.app/Contents/Developer/usr/bin/xcodebuild -project SpeechEaseApp.xcodeproj -scheme SpeechEaseApp -destination "platform=iOS Simulator,name=iPhone 17 Pro Max" build

Resolve Package Graph


Resolved source packages:
  Lottie: https://github.com/airbnb/lottie-spm.git @ 4.6.0

2026-05-26 13:00:28.921 xcodebuild[25949:719987] [MT] IDERunDestination: Supported platforms for the buildables in the current scheme is empty.
ComputePackagePrebuildTargetDependencyGraph

Prepare packages

CreateBuildRequest

SendProjectDescription

CreateBuildOperation

ComputeTargetDependencyGraph
note: Building targets in dependency order
note: Target dependency graph (3 targets)
    Target 'SpeechEaseApp' in project 'SpeechEaseApp'
        ➜ Explicit dependency on target 'Lottie' in project 'Lottie'
    Target 'Lottie' in project 'Lottie'
        ➜ Explicit dependency on target '_LottieStub' in project 'Lottie'
    Target '_LottieStub' in project 'Lottie' (no dependencies)

GatherProvisioningInputs

CreateBuildDescription

ExecuteExternalTool /Applications/Xcode.app/Contents/Developer/Toolchains/XcodeDefault.xctoolchain/usr/bin/swiftc --version

ExecuteExternalTool /Applications/Xcode.app/Contents/Developer/Toolchains/XcodeDefault.xctoolchain/usr/bin/clang -v -E -dM -isysroot /Applications/Xcode.app/Contents/Developer/Platforms/iPhoneSimulator.platform/Developer/SDKs/iPhoneSimulator26.4.sdk -x c -c /dev/null

ExecuteExternalTool /Applications/Xcode.app/Contents/Developer/usr/bin/actool --print-asset-tag-combinations --output-format xml1 /Users/meidadtroper/Desktop/SpeechEaseApp/SpeechEaseApp/Assets.xcassets
